Flutter crash report.
Please report a bug at https://github.com/flutter/flutter/issues.

## command

flutter build web

## exception

FileSystemException: FileSystemException: Failed to decode data using encoding 'utf-8', path = 'C:\project-flutter\sharyan\.gitignore'

```
#0      _File._tryDecode (dart:io/file_impl.dart:708:7)
#1      _File.readAsStringSync (dart:io/file_impl.dart:719:7)
#2      _File.readAsLinesSync (dart:io/file_impl.dart:725:36)
#3      ForwardingFile.readAsLinesSync (package:file/src/forwarding/forwarding_file.dart:107:16)
#4      ForwardingFile.readAsLinesSync (package:file/src/forwarding/forwarding_file.dart:107:16)
#5      ProjectMigrator.processFileLines (package:flutter_tools/src/base/project_migrator.dart:40:37)
#6      ScrubGeneratedPluginRegistrant.migrate (package:flutter_tools/src/web/migrations/scrub_generated_plugin_registrant.dart:28:7)
#7      ProjectMigration.run (package:flutter_tools/src/base/project_migrator.dart:86:22)
#8      WebBuilder.buildWeb (package:flutter_tools/src/web/compile.dart:85:21)
<asynchronous suspension>
#9      BuildWebCommand.runCommand (package:flutter_tools/src/commands/build_web.dart:282:5)
<asynchronous suspension>
#10     FlutterCommand.run.<anonymous closure> (package:flutter_tools/src/runner/flutter_command.dart:1581:27)
<asynchronous suspension>
#11     AppContext.run.<anonymous closure> (package:flutter_tools/src/base/context.dart:154:19)
<asynchronous suspension>
#12     CommandRunner.runCommand (package:args/command_runner.dart:212:13)
<asynchronous suspension>
#13     FlutterCommandRunner.runCommand.<anonymous closure> (package:flutter_tools/src/runner/flutter_command_runner.dart:503:9)
<asynchronous suspension>
#14     AppContext.run.<anonymous closure> (package:flutter_tools/src/base/context.dart:154:19)
<asynchronous suspension>
#15     FlutterCommandRunner.runCommand (package:flutter_tools/src/runner/flutter_command_runner.dart:438:5)
<asynchronous suspension>
#16     run.<anonymous closure>.<anonymous closure> (package:flutter_tools/runner.dart:98:11)
<asynchronous suspension>
#17     AppContext.run.<anonymous closure> (package:flutter_tools/src/base/context.dart:154:19)
<asynchronous suspension>
#18     main (package:flutter_tools/executable.dart:101:3)
<asynchronous suspension>
```

## flutter doctor

```
[32m[✓][39m Flutter (Channel stable, 3.35.4, on Microsoft Windows [Version 10.0.22631.2861], locale en-US) [1,330ms]
    [32m•[39m Flutter version 3.35.4 on channel stable at C:\dev\flutter
    [32m•[39m Upstream repository https://github.com/flutter/flutter.git
    [32m•[39m Framework revision d693b4b9db (9 months ago), 2025-09-16 14:27:41 +0000
    [32m•[39m Engine revision c298091351
    [32m•[39m Dart version 3.9.2
    [32m•[39m DevTools version 2.48.0
    [32m•[39m Feature flags: enable-web, enable-linux-desktop, enable-macos-desktop, enable-windows-desktop, enable-android,
      enable-ios, cli-animations, enable-lldb-debugging

[32m[✓][39m Windows Version (?? 11 Pro 64-bit, 23H2, 2009) [5.1s]

[32m[✓][39m Android toolchain - develop for Android devices (Android SDK version 36.0.0) [19.1s]
    [32m•[39m Android SDK at C:\Users\iTech\AppData\Local\Android\Sdk
    [32m•[39m Emulator version 36.2.9.0 (build_id 14097453) (CL:N/A)
    [32m•[39m Platform android-36.1, build-tools 36.0.0
    [32m•[39m Java binary at: C:\Program Files\Android\Android Studio\jbr\bin\java
      This is the JDK bundled with the latest Android Studio installation on this machine.
      To manually set the JDK path, use: `flutter config --jdk-dir="path/to/jdk"`.
    [32m•[39m Java version OpenJDK Runtime Environment (build 21.0.7+-13880790-b1038.58)
    [32m•[39m All Android licenses accepted.

[32m[✓][39m Chrome - develop for the web [941ms]
    [32m•[39m Chrome at C:\Program Files\Google\Chrome\Application\chrome.exe

[33m[!][39m Visual Studio - develop Windows apps (SQL Server Management Studio 22 22.0.0) [939ms]
    [32m•[39m Visual Studio at C:\Program Files\Microsoft SQL Server Management Studio 22\Release
    [32m•[39m SQL Server Management Studio 22 version 22.0.11205.157
    [32m•[39m Windows 10 SDK version 10.0.14393.0
    [31m✗[39m Visual Studio is missing necessary components. Please re-run the Visual Studio installer for the "Desktop
      development with C++" workload, and include these components:
        MSVC v142 - VS 2019 C++ x64/x86 build tools
         - If there are multiple build tool versions available, install the latest
        C++ CMake tools for Windows
        Windows 10 SDK

[32m[✓][39m Android Studio (version 2025.1.3) [34ms]
    [32m•[39m Android Studio at C:\Program Files\Android\Android Studio
    [32m•[39m Flutter plugin can be installed from:
      🔨 https://plugins.jetbrains.com/plugin/9212-flutter
    [32m•[39m Dart plugin can be installed from:
      🔨 https://plugins.jetbrains.com/plugin/6351-dart
    [32m•[39m Java version OpenJDK Runtime Environment (build 21.0.7+-13880790-b1038.58)

[32m[✓][39m VS Code (version unknown) [28ms]
    [32m•[39m VS Code at C:\Users\iTech\AppData\Local\Programs\Microsoft VS Code
    [32m•[39m Flutter extension version 3.134.0
    [31m✗[39m Unable to determine VS Code version.

[32m[✓][39m Connected device (4 available) [914ms]
    [32m•[39m sdk gphone64 x86 64 (mobile) • emulator-5554 • android-x64    • Android 16 (API 36) (emulator)
    [32m•[39m Windows (desktop)            • windows       • windows-x64    • Microsoft Windows [Version 10.0.22631.2861]
    [32m•[39m Chrome (web)                 • chrome        • web-javascript • Google Chrome 148.0.7778.179
    [32m•[39m Edge (web)                   • edge          • web-javascript • Microsoft Edge 148.0.3967.70

[32m[✓][39m Network resources [862ms]
    [32m•[39m All expected network resources are available.

[33m![39m Doctor found issues in 1 category.
```
